###############################################################################
#
# IAR ELF Linker V9.32.1.338/W64 for ARM                  21/Dec/2022  13:44:23
# Copyright 2007-2022 IAR Systems AB.
#
#    Output file  =
#        C:\Users\Roberto\Downloads\en.STSW_STUSB006\STSW-STUSB006\EWARM\STSW-STUSB006\Exe\NVM_Flasher_STM32F072RB.out
#    Map file     =
#        C:\Users\Roberto\Downloads\en.STSW_STUSB006\STSW-STUSB006\EWARM\STSW-STUSB006\List\NVM_Flasher_STM32F072RB.map
#    Command line =
#        -f
#        C:\Users\Roberto\Downloads\en.STSW_STUSB006\STSW-STUSB006\EWARM\STSW-STUSB006\Exe\NVM_Flasher_STM32F072RB.out.rsp
#        (C:\Users\Roberto\Downloads\en.STSW_STUSB006\STSW-STUSB006\EWARM\STSW-STUSB006\Obj\Application\User\gpio.o
#        C:\Users\Roberto\Downloads\en.STSW_STUSB006\STSW-STUSB006\EWARM\STSW-STUSB006\Obj\Application\User\i2c.o
#        C:\Users\Roberto\Downloads\en.STSW_STUSB006\STSW-STUSB006\EWARM\STSW-STUSB006\Obj\Application\User\main.o
#        C:\Users\Roberto\Downloads\en.STSW_STUSB006\STSW-STUSB006\EWARM\STSW-STUSB006\Obj\Application\EWARM\startup_stm32f072xb.o
#        C:\Users\Roberto\Downloads\en.STSW_STUSB006\STSW-STUSB006\EWARM\STSW-STUSB006\Obj\Drivers\STM32F0xx_HAL_Driver\stm32f0xx_hal.o
#        C:\Users\Roberto\Downloads\en.STSW_STUSB006\STSW-STUSB006\EWARM\STSW-STUSB006\Obj\Drivers\STM32F0xx_HAL_Driver\stm32f0xx_hal_cortex.o
#        C:\Users\Roberto\Downloads\en.STSW_STUSB006\STSW-STUSB006\EWARM\STSW-STUSB006\Obj\Drivers\STM32F0xx_HAL_Driver\stm32f0xx_hal_dma.o
#        C:\Users\Roberto\Downloads\en.STSW_STUSB006\STSW-STUSB006\EWARM\STSW-STUSB006\Obj\Drivers\STM32F0xx_HAL_Driver\stm32f0xx_hal_flash.o
#        C:\Users\Roberto\Downloads\en.STSW_STUSB006\STSW-STUSB006\EWARM\STSW-STUSB006\Obj\Drivers\STM32F0xx_HAL_Driver\stm32f0xx_hal_flash_ex.o
#        C:\Users\Roberto\Downloads\en.STSW_STUSB006\STSW-STUSB006\EWARM\STSW-STUSB006\Obj\Drivers\STM32F0xx_HAL_Driver\stm32f0xx_hal_gpio.o
#        C:\Users\Roberto\Downloads\en.STSW_STUSB006\STSW-STUSB006\EWARM\STSW-STUSB006\Obj\Drivers\STM32F0xx_HAL_Driver\stm32f0xx_hal_i2c.o
#        C:\Users\Roberto\Downloads\en.STSW_STUSB006\STSW-STUSB006\EWARM\STSW-STUSB006\Obj\Drivers\STM32F0xx_HAL_Driver\stm32f0xx_hal_i2c_ex.o
#        C:\Users\Roberto\Downloads\en.STSW_STUSB006\STSW-STUSB006\EWARM\STSW-STUSB006\Obj\Application\User\stm32f0xx_hal_msp.o
#        C:\Users\Roberto\Downloads\en.STSW_STUSB006\STSW-STUSB006\EWARM\STSW-STUSB006\Obj\Drivers\STM32F0xx_HAL_Driver\stm32f0xx_hal_pwr.o
#        C:\Users\Roberto\Downloads\en.STSW_STUSB006\STSW-STUSB006\EWARM\STSW-STUSB006\Obj\Drivers\STM32F0xx_HAL_Driver\stm32f0xx_hal_pwr_ex.o
#        C:\Users\Roberto\Downloads\en.STSW_STUSB006\STSW-STUSB006\EWARM\STSW-STUSB006\Obj\Drivers\STM32F0xx_HAL_Driver\stm32f0xx_hal_rcc.o
#        C:\Users\Roberto\Downloads\en.STSW_STUSB006\STSW-STUSB006\EWARM\STSW-STUSB006\Obj\Drivers\STM32F0xx_HAL_Driver\stm32f0xx_hal_rcc_ex.o
#        C:\Users\Roberto\Downloads\en.STSW_STUSB006\STSW-STUSB006\EWARM\STSW-STUSB006\Obj\Drivers\STM32F0xx_HAL_Driver\stm32f0xx_hal_tim.o
#        C:\Users\Roberto\Downloads\en.STSW_STUSB006\STSW-STUSB006\EWARM\STSW-STUSB006\Obj\Drivers\STM32F0xx_HAL_Driver\stm32f0xx_hal_tim_ex.o
#        C:\Users\Roberto\Downloads\en.STSW_STUSB006\STSW-STUSB006\EWARM\STSW-STUSB006\Obj\Drivers\STM32F0xx_HAL_Driver\stm32f0xx_hal_uart.o
#        C:\Users\Roberto\Downloads\en.STSW_STUSB006\STSW-STUSB006\EWARM\STSW-STUSB006\Obj\Drivers\STM32F0xx_HAL_Driver\stm32f0xx_hal_uart_ex.o
#        C:\Users\Roberto\Downloads\en.STSW_STUSB006\STSW-STUSB006\EWARM\STSW-STUSB006\Obj\Application\User\stm32f0xx_it.o
#        C:\Users\Roberto\Downloads\en.STSW_STUSB006\STSW-STUSB006\EWARM\STSW-STUSB006\Obj\Drivers\CMSIS\system_stm32f0xx.o
#        C:\Users\Roberto\Downloads\en.STSW_STUSB006\STSW-STUSB006\EWARM\STSW-STUSB006\Obj\Application\User\tim.o
#        C:\Users\Roberto\Downloads\en.STSW_STUSB006\STSW-STUSB006\EWARM\STSW-STUSB006\Obj\Application\User\usart.o
#        C:\Users\Roberto\Downloads\en.STSW_STUSB006\STSW-STUSB006\EWARM\STSW-STUSB006\Obj\Application\User\USBPD_CUST_NVM_API.o
#        --redirect _Printf=_PrintfFull --redirect _Scanf=_ScanfFull
#        --no_out_extension -o
#        C:\Users\Roberto\Downloads\en.STSW_STUSB006\STSW-STUSB006\EWARM\STSW-STUSB006\Exe\NVM_Flasher_STM32F072RB.out
#        --map
#        C:\Users\Roberto\Downloads\en.STSW_STUSB006\STSW-STUSB006\EWARM\STSW-STUSB006\List\NVM_Flasher_STM32F072RB.map
#        --config
#        C:\Users\Roberto\Downloads\en.STSW_STUSB006\STSW-STUSB006\EWARM/stm32f072xb_flash.icf
#        --semihosting --entry __iar_program_start --vfe --text_out locale
#        --cpu=Cortex-M0 --fpu=None)
#
###############################################################################

*******************************************************************************
*** RUNTIME MODEL ATTRIBUTES
***

CppFlavor       = *
__CPP_Runtime   = 1
__SystemLibrary = DLib
__dlib_version  = 6


*******************************************************************************
*** HEAP SELECTION
***

The basic heap was selected because no calls to memory allocation
functions were found in the application outside of system library
functions, there are calls to deallocation functions in the
application, and the application appears to be primarily
optimized for speed.


*******************************************************************************
*** PLACEMENT SUMMARY
***

"A0":  place at address 0x800'0000 { ro section .intvec };
"P1":  place in [from 0x800'0000 to 0x801'ffff] { ro };
define block CSTACK with size = 1K, alignment = 8 { };
define block HEAP with size = 512, alignment = 8 { };
"P2":  place in [from 0x2000'0000 to 0x2000'3fff] {
          rw, block CSTACK, block HEAP };
initialize by copy { rw };

  Section            Kind         Address    Size  Object
  -------            ----         -------    ----  ------
"A0":                                        0xc0
  .intvec            ro code   0x800'0000    0xc0  startup_stm32f072xb.o [1]
                             - 0x800'00c0    0xc0

"P1":                                      0x4e54
  .text              ro code   0x800'00c0  0x104e  xprintffull.o [5]
  .rodata            const     0x800'110e     0x2  xlocale_c.o [5]
  .text              ro code   0x800'1110    0x8c  xlocale_c.o [5]
  .text              ro code   0x800'119c    0x12  strchr.o [7]
  .rodata            const     0x800'11ae     0x2  xlocale_c.o [5]
  .text              ro code   0x800'11b0    0x48  xfail_s.o [5]
  .text              ro code   0x800'11f8     0xe  strlen.o [7]
  .text              ro code   0x800'1206     0x2  startup_stm32f072xb.o [1]
  .text              ro code   0x800'1208    0x16  memchr.o [7]
  .text              ro code   0x800'121e     0x2  startup_stm32f072xb.o [1]
  .text              ro code   0x800'1220    0x4e  ABImemcpy.o [7]
  .text              ro code   0x800'126e    0x2a  frexp.o [6]
  .text              ro code   0x800'1298    0x32  DblCmpLe.o [6]
  .text              ro code   0x800'12ca    0x32  DblCmpGe.o [6]
  .text              ro code   0x800'12fc    0x70  ldexp.o [6]
  .text              ro code   0x800'136c    0x52  DblToI32.o [6]
  .text              ro code   0x800'13be     0x2  startup_stm32f072xb.o [1]
  .text              ro code   0x800'13c0    0x34  IxxToDbl.o [6]
  .text              ro code   0x800'13f4   0x1a8  DblAddSub.o [6]
  .text              ro code   0x800'159c    0xe0  I32DivModFast.o [7]
  .text              ro code   0x800'167c    0xc2  DblDiv.o [6]
  .text              ro code   0x800'173e   0x184  DblMul.o [6]
  .text              ro code   0x800'18c2     0xa  xmbcurmax.o [5]
  .text              ro code   0x800'18cc    0x7c  I64DivMod.o [7]
  .text              ro code   0x800'1948     0xa  abort.o [5]
  .text              ro code   0x800'1952     0x2  startup_stm32f072xb.o [1]
  .text              ro code   0x800'1954     0x2  IntDivZer.o [7]
  .text              ro code   0x800'1956     0x2  startup_stm32f072xb.o [1]
  .text              ro code   0x800'1958     0x2  I64DivZer.o [7]
  .text              ro code   0x800'195a     0x2  startup_stm32f072xb.o [1]
  .text              ro code   0x800'195c    0x14  exit.o [8]
  .text              ro code   0x800'1970    0x7c  iarttio.o [8]
  .text              ro code   0x800'19ec     0x8  XShttio.o [5]
  .text              ro code   0x800'19f4   0x7e4  stm32f0xx_hal_uart.o [4]
  .text              ro code   0x800'21d8    0xfc  usart.o [2]
  .text              ro code   0x800'22d4     0xc  stm32f0xx_hal.o [4]
  .text              ro code   0x800'22e0    0x4a  stm32f0xx_hal_dma.o [4]
  .text              ro code   0x800'232a     0x2  stm32f0xx_hal_uart.o [4]
  .text              ro code   0x800'232c     0x2  stm32f0xx_hal_uart_ex.o [4]
  .text              ro code   0x800'232e     0x2  startup_stm32f072xb.o [1]
  .text              ro code   0x800'2330   0x698  stm32f0xx_hal_rcc.o [4]
  .text              ro code   0x800'29c8     0x2  stm32f0xx_hal_uart.o [4]
  .text              ro code   0x800'29ca     0x2  startup_stm32f072xb.o [1]
  .text              ro code   0x800'29cc   0x654  main.o [2]
  .text              ro code   0x800'3020   0x1d8  stm32f0xx_hal_gpio.o [4]
  .text              ro code   0x800'31f8    0xc8  stm32f0xx_hal_cortex.o [4]
  .text              ro code   0x800'32c0    0x24  stm32f0xx_hal.o [4]
  .text              ro code   0x800'32e4    0x20  stm32f0xx_hal.o [4]
  .text              ro code   0x800'3304   0x144  gpio.o [2]
  .text              ro code   0x800'3448   0x1b0  i2c.o [2]
  .text              ro code   0x800'35f8    0xec  tim.o [2]
  .text              ro code   0x800'36e4    0x20  stm32f0xx_hal.o [4]
  .text              ro code   0x800'3704   0x46c  stm32f0xx_hal_tim.o [4]
  .text              ro code   0x800'3b70   0x134  stm32f0xx_hal_rcc_ex.o [4]
  .text              ro code   0x800'3ca4   0x3b4  USBPD_CUST_NVM_API.o [2]
  .text              ro code   0x800'4058    0x28  printf.o [5]
  .text              ro code   0x800'4080     0x2  stm32f0xx_hal_cortex.o [4]
  .text              ro code   0x800'4082     0x2  startup_stm32f072xb.o [1]
  .text              ro code   0x800'4084    0x50  stm32f0xx_hal_msp.o [2]
  .text              ro code   0x800'40d4   0x6e4  stm32f0xx_hal_i2c.o [4]
  .text              ro code   0x800'47b8    0xb0  stm32f0xx_hal_i2c_ex.o [4]
  .text              ro code   0x800'4868    0x50  stm32f0xx_hal_tim_ex.o [4]
  .rodata            const     0x800'48b8   0x114  main.o [2]
  .rodata            const     0x800'49cc    0x8a  xprintffull.o [5]
  .text              ro code   0x800'4a56    0x80  lz77_init_single.o [7]
  .text              ro code   0x800'4ad6     0x2  startup_stm32f072xb.o [1]
  .text              ro code   0x800'4ad8    0x70  system_stm32f0xx.o [3]
  .rodata            const     0x800'4b48    0x48  main.o [2]
  .rodata            const     0x800'4b90    0x48  usart.o [2]
  .rodata            const     0x800'4bd8    0x44  i2c.o [2]
  .rodata            const     0x800'4c1c    0x44  tim.o [2]
  .text              ro code   0x800'4c60    0x44  putchar.o [5]
  .text              ro code   0x800'4ca4    0x10  write.o [8]
  .text              ro code   0x800'4cb4    0x1e  dwrite.o [8]
  .text              ro code   0x800'4cd2    0x20  iarwstd.o [8]
  .text              ro code   0x800'4cf2    0x22  iarwrite.o [8]
  .text              ro code   0x800'4d14    0x3c  zero_init3.o [7]
  .text              ro code   0x800'4d50    0x30  stm32f0xx_it.o [2]
  .text              ro code   0x800'4d80    0x10  stm32f0xx_hal.o [4]
  .text              ro code   0x800'4d90    0x28  data_init.o [7]
  .iar.init_table    const     0x800'4db8    0x20  - Linker created -
  .text              ro code   0x800'4dd8    0x1e  cmain.o [7]
  .text              ro code   0x800'4df6     0x4  low_level_init.o [5]
  .text              ro code   0x800'4dfa     0x8  exit.o [5]
  .text              ro code   0x800'4e02     0x2  startup_stm32f072xb.o [1]
  .text              ro code   0x800'4e04     0xa  cexit.o [7]
  .text              ro code   0x800'4e0e     0x2  startup_stm32f072xb.o [1]
  .text              ro code   0x800'4e10    0x1c  cstartup_M.o [7]
  .text              ro code   0x800'4e2c    0x1c  xencoding_8859_1.o [5]
  .text              ro code   0x800'4e48    0x16  xprout.o [5]
  .text              ro code   0x800'4e5e     0x2  startup_stm32f072xb.o [1]
  .text              ro code   0x800'4e60    0x10  startup_stm32f072xb.o [1]
  .rodata            const     0x800'4e70     0x8  system_stm32f0xx.o [3]
  .text              ro code   0x800'4e78     0x2  startup_stm32f072xb.o [1]
  .text              ro code   0x800'4e7a     0x2  startup_stm32f072xb.o [1]
  .text              ro code   0x800'4e7c     0x2  startup_stm32f072xb.o [1]
  .text              ro code   0x800'4e7e     0x2  startup_stm32f072xb.o [1]
  .text              ro code   0x800'4e80     0x2  startup_stm32f072xb.o [1]
  .text              ro code   0x800'4e82     0x2  startup_stm32f072xb.o [1]
  .text              ro code   0x800'4e84     0x2  startup_stm32f072xb.o [1]
  .text              ro code   0x800'4e86     0x2  startup_stm32f072xb.o [1]
  .text              ro code   0x800'4e88     0x2  startup_stm32f072xb.o [1]
  .text              ro code   0x800'4e8a     0x2  startup_stm32f072xb.o [1]
  .text              ro code   0x800'4e8c     0x2  startup_stm32f072xb.o [1]
  .text              ro code   0x800'4e8e     0x2  startup_stm32f072xb.o [1]
  .text              ro code   0x800'4e90     0x2  startup_stm32f072xb.o [1]
  .text              ro code   0x800'4e92     0x2  startup_stm32f072xb.o [1]
  .text              ro code   0x800'4e94     0x2  startup_stm32f072xb.o [1]
  .text              ro code   0x800'4e96     0x2  startup_stm32f072xb.o [1]
  .text              ro code   0x800'4e98     0x2  startup_stm32f072xb.o [1]
  .text              ro code   0x800'4e9a     0x2  startup_stm32f072xb.o [1]
  .text              ro code   0x800'4e9c     0x2  startup_stm32f072xb.o [1]
  .text              ro code   0x800'4e9e     0x2  startup_stm32f072xb.o [1]
  .text              ro code   0x800'4ea0     0x2  startup_stm32f072xb.o [1]
  .rodata            const     0x800'4ea2     0x1  xlocale_c.o [5]
  .rodata            const     0x800'4ea3     0x0  zero_init3.o [7]
  .rodata            const     0x800'4ea3     0x0  lz77_init_single.o [7]
  Initializer bytes  const     0x800'4ea3    0x71  <for P2-1>
                             - 0x800'4f14  0x4e54

"P2", part 1 of 3:                          0x110
  P2-1                        0x2000'0000   0x110  <Init block>
    .data            inited   0x2000'0000    0x14  main.o [2]
    .data            inited   0x2000'0014     0x4  system_stm32f0xx.o [3]
    .data            inited   0x2000'0018    0x28  USBPD_CUST_NVM_API.o [2]
    .data            inited   0x2000'0040    0x38  xlocale_c.o [5]
    .data            inited   0x2000'0078    0x48  xlocale_c.o [5]
    .data            inited   0x2000'00c0    0x48  xfiles.o [5]
    .data            inited   0x2000'0108     0x8  XShttio.o [5]
                            - 0x2000'0110   0x110

"P2", part 2 of 3:                          0x208
  .bss               zero     0x2000'0110    0x70  usart.o [2]
  .bss               zero     0x2000'0180    0x68  usart.o [2]
  .bss               zero     0x2000'01e8    0x50  xfiles.o [5]
  .bss               zero     0x2000'0238    0x4c  i2c.o [2]
  .bss               zero     0x2000'0284    0x4c  i2c.o [2]
  .bss               zero     0x2000'02d0    0x40  tim.o [2]
  .bss               zero     0x2000'0310     0x4  stm32f0xx_hal.o [4]
  .bss               zero     0x2000'0314     0x4  xfail_s.o [5]
                            - 0x2000'0318   0x208

"P2", part 3 of 3:                          0x400
  CSTACK                      0x2000'0318   0x400  <Block>
    CSTACK           uninit   0x2000'0318   0x400  <Block tail>
                            - 0x2000'0718   0x400

Unused ranges:

         From           To      Size
         ----           --      ----
   0x800'4f14   0x801'ffff  0x1'b0ec
  0x2000'0718  0x2000'3fff    0x38e8


*******************************************************************************
*** INIT TABLE
***

          Address      Size
          -------      ----
Zero (__iar_zero_init3)
    1 destination range, total size 0x208:
          0x2000'0110  0x208

Copy/lz77 (__iar_lz77_init_single3)
    1 source range, total size 0x71 (41% of destination):
           0x800'4ea3   0x71
    1 destination range, total size 0x110:
          0x2000'0000  0x110



*******************************************************************************
*** MODULE SUMMARY
***

    Module                   ro code  ro data  rw data
    ------                   -------  -------  -------
command line/config:
    --------------------------------------------------
    Total:

C:\Users\Roberto\Downloads\en.STSW_STUSB006\STSW-STUSB006\EWARM\STSW-STUSB006\Obj\Application\EWARM: [1]
    startup_stm32f072xb.o        276
    --------------------------------------------------
    Total:                       276

C:\Users\Roberto\Downloads\en.STSW_STUSB006\STSW-STUSB006\EWARM\STSW-STUSB006\Obj\Application\User: [2]
    USBPD_CUST_NVM_API.o         948       17       40
    gpio.o                       324
    i2c.o                        432       68      152
    main.o                     1'620      356       20
    stm32f0xx_hal_msp.o           80
    stm32f0xx_it.o                48
    tim.o                        236       68       64
    usart.o                      252       72      216
    --------------------------------------------------
    Total:                     3'940      581      492

C:\Users\Roberto\Downloads\en.STSW_STUSB006\STSW-STUSB006\EWARM\STSW-STUSB006\Obj\Drivers\CMSIS: [3]
    system_stm32f0xx.o           112        9        4
    --------------------------------------------------
    Total:                       112        9        4

C:\Users\Roberto\Downloads\en.STSW_STUSB006\STSW-STUSB006\EWARM\STSW-STUSB006\Obj\Drivers\STM32F0xx_HAL_Driver: [4]
    stm32f0xx_hal.o              128                 4
    stm32f0xx_hal_cortex.o       202
    stm32f0xx_hal_dma.o           74
    stm32f0xx_hal_gpio.o         472
    stm32f0xx_hal_i2c.o        1'764
    stm32f0xx_hal_i2c_ex.o       176
    stm32f0xx_hal_rcc.o        1'688
    stm32f0xx_hal_rcc_ex.o       308
    stm32f0xx_hal_tim.o        1'132
    stm32f0xx_hal_tim_ex.o        80
    stm32f0xx_hal_uart.o       2'024
    stm32f0xx_hal_uart_ex.o        2
    --------------------------------------------------
    Total:                     8'050                 4

dl6M_tlf.a: [5]
    XShttio.o                      8        4        8
    abort.o                       10
    exit.o                         8
    low_level_init.o               4
    printf.o                      40
    putchar.o                     68
    xencoding_8859_1.o            28
    xfail_s.o                     72                 4
    xfiles.o                               30      152
    xlocale_c.o                  140       58      128
    xmbcurmax.o                   10
    xprintffull.o              4'174      138
    xprout.o                      22
    --------------------------------------------------
    Total:                     4'584      230      292

m6M_tl.a: [6]
    DblAddSub.o                  424
    DblCmpGe.o                    50
    DblCmpLe.o                    50
    DblDiv.o                     194
    DblMul.o                     388
    DblToI32.o                    82
    IxxToDbl.o                    52
    frexp.o                       42
    ldexp.o                      112
    --------------------------------------------------
    Total:                     1'394

rt6M_tl.a: [7]
    ABImemcpy.o                   78
    I32DivModFast.o              224
    I64DivMod.o                  124
    I64DivZer.o                    2
    IntDivZer.o                    2
    cexit.o                       10
    cmain.o                       30
    cstartup_M.o                  28
    data_init.o                   40
    lz77_init_single.o           128
    memchr.o                      22
    strchr.o                      18
    strlen.o                      14
    zero_init3.o                  60
    --------------------------------------------------
    Total:                       780

shb_l.a: [8]
    dwrite.o                      30
    exit.o                        20
    iarttio.o                    124
    iarwrite.o                    34
    iarwstd.o                     32
    write.o                       16
    --------------------------------------------------
    Total:                       256

    Linker created                         32    1'024
------------------------------------------------------
    Grand Total:              19'392      852    1'816


*******************************************************************************
*** ENTRY LIST
***

Entry                       Address   Size  Type      Object
-----                       -------   ----  ----      ------
.iar.init_table$$Base    0x800'4db8          --   Gb  - Linker created -
.iar.init_table$$Limit   0x800'4dd8          --   Gb  - Linker created -
?main                    0x800'4dd9         Code  Gb  cmain.o [7]
ADC1_COMP_IRQHandler     0x800'4e7d         Code  Wk  startup_stm32f072xb.o [1]
AHBPrescTable            0x800'4b38   0x10  Data  Gb  system_stm32f0xx.o [3]
APBPrescTable            0x800'4e70    0x8  Data  Gb  system_stm32f0xx.o [3]
AddressSize             0x2000'0010    0x4  Data  Gb  main.o [2]
CEC_CAN_IRQHandler       0x800'4e9f         Code  Wk  startup_stm32f072xb.o [1]
CSTACK$$Base            0x2000'0318          --   Gb  - Linker created -
CSTACK$$Limit           0x2000'0718          --   Gb  - Linker created -
CUST_EnterReadMode       0x800'3e69   0x56  Code  Gb  USBPD_CUST_NVM_API.o [2]
CUST_EnterWriteMode      0x800'3d31  0x138  Code  Gb  USBPD_CUST_NVM_API.o [2]
CUST_ExitTestMode        0x800'401d   0x3c  Code  Gb  USBPD_CUST_NVM_API.o [2]
CUST_ReadSector          0x800'3ebf   0xa2  Code  Gb  USBPD_CUST_NVM_API.o [2]
CUST_WriteSector         0x800'3f61   0xbc  Code  Gb  USBPD_CUST_NVM_API.o [2]
CacheMore                0x800'1115   0x28  Code  Lc  xlocale_c.o [5]
DMA1_Channel1_IRQHandler
                         0x800'4e5f         Code  Wk  startup_stm32f072xb.o [1]
DMA1_Channel2_3_IRQHandler
                         0x800'4e79         Code  Wk  startup_stm32f072xb.o [1]
DMA1_Channel4_5_6_7_IRQHandler
                         0x800'4e7b         Code  Wk  startup_stm32f072xb.o [1]
EXTI0_1_IRQHandler       0x800'4ad7         Code  Wk  startup_stm32f072xb.o [1]
EXTI2_3_IRQHandler       0x800'4e03         Code  Wk  startup_stm32f072xb.o [1]
EXTI4_15_IRQHandler      0x800'4d5d   0x14  Code  Gb  stm32f0xx_it.o [2]
FLASH_IRQHandler         0x800'29cb         Code  Wk  startup_stm32f072xb.o [1]
HAL_DMA_Abort_IT         0x800'22e1   0x4a  Code  Gb  stm32f0xx_hal_dma.o [4]
HAL_Delay                0x800'36e5   0x20  Code  Wk  stm32f0xx_hal.o [4]
HAL_GPIO_EXTI_Callback   0x800'2bcf   0x8e  Code  Gb  main.o [2]
HAL_GPIO_EXTI_IRQHandler
                         0x800'31bf   0x16  Code  Gb  stm32f0xx_hal_gpio.o [4]
HAL_GPIO_Init            0x800'3021  0x184  Code  Gb  stm32f0xx_hal_gpio.o [4]
HAL_GPIO_ReadPin         0x800'31a5    0xe  Code  Gb  stm32f0xx_hal_gpio.o [4]
HAL_GPIO_WritePin        0x800'31b3    0xc  Code  Gb  stm32f0xx_hal_gpio.o [4]
HAL_GetTick              0x800'22d5    0xc  Code  Wk  stm32f0xx_hal.o [4]
HAL_I2CEx_ConfigAnalogFilter
                         0x800'47b9   0x56  Code  Gb  stm32f0xx_hal_i2c_ex.o [4]
HAL_I2CEx_ConfigDigitalFilter
                         0x800'480f   0x52  Code  Gb  stm32f0xx_hal_i2c_ex.o [4]
HAL_I2C_Init             0x800'40d5   0xac  Code  Gb  stm32f0xx_hal_i2c.o [4]
HAL_I2C_Mem_Read         0x800'4349  0x1b0  Code  Gb  stm32f0xx_hal_i2c.o [4]
HAL_I2C_Mem_Write        0x800'418d  0x1ba  Code  Gb  stm32f0xx_hal_i2c.o [4]
HAL_I2C_MspInit          0x800'34fd   0x76  Code  Gb  i2c.o [2]
HAL_IncTick              0x800'4d81   0x10  Code  Wk  stm32f0xx_hal.o [4]
HAL_Init                 0x800'32e5   0x1a  Code  Gb  stm32f0xx_hal.o [4]
HAL_InitTick             0x800'32c1   0x24  Code  Wk  stm32f0xx_hal.o [4]
HAL_MspInit              0x800'4085   0x50  Code  Gb  stm32f0xx_hal_msp.o [2]
HAL_NVIC_EnableIRQ       0x800'3281    0x8  Code  Gb  stm32f0xx_hal_cortex.o [4]
HAL_NVIC_SetPriority     0x800'3279    0x8  Code  Gb  stm32f0xx_hal_cortex.o [4]
HAL_RCCEx_PeriphCLKConfig
                         0x800'3b71  0x118  Code  Gb  stm32f0xx_hal_rcc_ex.o [4]
HAL_RCC_ClockConfig      0x800'279d  0x154  Code  Gb  stm32f0xx_hal_rcc.o [4]
HAL_RCC_GetHCLKFreq      0x800'2959    0x6  Code  Gb  stm32f0xx_hal_rcc.o [4]
HAL_RCC_GetPCLK1Freq     0x800'2965   0x18  Code  Gb  stm32f0xx_hal_rcc.o [4]
HAL_RCC_GetSysClockFreq
                         0x800'28f5   0x64  Code  Gb  stm32f0xx_hal_rcc.o [4]
HAL_RCC_GetSysClockFreq::aPLLMULFactorTable
                         0x800'29a8   0x10  Data  Lc  stm32f0xx_hal_rcc.o [4]
HAL_RCC_GetSysClockFreq::aPredivFactorTable
                         0x800'29b8   0x10  Data  Lc  stm32f0xx_hal_rcc.o [4]
HAL_RCC_OscConfig        0x800'2331  0x460  Code  Gb  stm32f0xx_hal_rcc.o [4]
HAL_SYSTICK_CLKSourceConfig
                         0x800'3291   0x18  Code  Gb  stm32f0xx_hal_cortex.o [4]
HAL_SYSTICK_Callback     0x800'4081    0x2  Code  Wk  stm32f0xx_hal_cortex.o [4]
HAL_SYSTICK_Config       0x800'3289    0x8  Code  Gb  stm32f0xx_hal_cortex.o [4]
HAL_SYSTICK_IRQHandler   0x800'32b9    0x8  Code  Gb  stm32f0xx_hal_cortex.o [4]
HAL_TIMEx_MasterConfigSynchronization
                         0x800'4869   0x50  Code  Gb  stm32f0xx_hal_tim_ex.o [4]
HAL_TIM_MspPostInit      0x800'3697   0x2e  Code  Gb  tim.o [2]
HAL_TIM_PWM_ConfigChannel
                         0x800'380d   0xd6  Code  Gb  stm32f0xx_hal_tim.o [4]
HAL_TIM_PWM_Init         0x800'3705   0x36  Code  Gb  stm32f0xx_hal_tim.o [4]
HAL_TIM_PWM_MspInit      0x800'3677   0x20  Code  Gb  tim.o [2]
HAL_TIM_PWM_Start        0x800'373b   0x48  Code  Gb  stm32f0xx_hal_tim.o [4]
HAL_TIM_PWM_Stop         0x800'3785   0x6a  Code  Gb  stm32f0xx_hal_tim.o [4]
HAL_UARTEx_WakeupCallback
                         0x800'232d    0x2  Code  Wk  stm32f0xx_hal_uart_ex.o [4]
HAL_UART_ErrorCallback   0x800'232b    0x2  Code  Wk  stm32f0xx_hal_uart.o [4]
HAL_UART_IRQHandler      0x800'1bdd  0x140  Code  Gb  stm32f0xx_hal_uart.o [4]
HAL_UART_Init            0x800'19f5   0x68  Code  Gb  stm32f0xx_hal_uart.o [4]
HAL_UART_MspInit         0x800'226d   0x52  Code  Gb  usart.o [2]
HAL_UART_Receive_IT      0x800'1b2d   0xac  Code  Gb  stm32f0xx_hal_uart.o [4]
HAL_UART_RxCpltCallback
                         0x800'21ed   0x4c  Code  Gb  usart.o [2]
HAL_UART_Transmit        0x800'1a61   0xcc  Code  Gb  stm32f0xx_hal_uart.o [4]
HAL_UART_TxCpltCallback
                         0x800'29c9    0x2  Code  Wk  stm32f0xx_hal_uart.o [4]
HardFault_Handler        0x800'121f         Code  Wk  startup_stm32f072xb.o [1]
I2C1_IRQHandler          0x800'4e93         Code  Wk  startup_stm32f072xb.o [1]
I2C2_IRQHandler          0x800'4e95         Code  Wk  startup_stm32f072xb.o [1]
I2C_Flush_TXDR           0x800'4601   0x1e  Code  Lc  stm32f0xx_hal_i2c.o [4]
I2C_IsAcknowledgeFailed
                         0x800'4719   0x76  Code  Lc  stm32f0xx_hal_i2c.o [4]
I2C_Read_USB_PD          0x800'3573   0x2a  Code  Gb  i2c.o [2]
I2C_RequestMemoryRead    0x800'4581   0x80  Code  Lc  stm32f0xx_hal_i2c.o [4]
I2C_RequestMemoryWrite   0x800'4501   0x80  Code  Lc  stm32f0xx_hal_i2c.o [4]
I2C_TransferConfig       0x800'478f   0x20  Code  Lc  stm32f0xx_hal_i2c.o [4]
I2C_WaitOnFlagUntilTimeout
                         0x800'461f   0x54  Code  Lc  stm32f0xx_hal_i2c.o [4]
I2C_WaitOnSTOPFlagUntilTimeout
                         0x800'46c9   0x50  Code  Lc  stm32f0xx_hal_i2c.o [4]
I2C_WaitOnTXISFlagUntilTimeout
                         0x800'4673   0x56  Code  Lc  stm32f0xx_hal_i2c.o [4]
I2C_Write_USB_PD         0x800'359d   0x2a  Code  Gb  i2c.o [2]
I2cDeviceID_7bit        0x2000'000c    0x4  Data  Gb  main.o [2]
MX_GPIO_Init             0x800'3305  0x144  Code  Gb  gpio.o [2]
MX_I2C1_Init             0x800'3449   0x5a  Code  Gb  i2c.o [2]
MX_I2C2_Init             0x800'34a3   0x5a  Code  Gb  i2c.o [2]
MX_TIM3_Init             0x800'35f9   0x7e  Code  Gb  tim.o [2]
MX_USART2_UART_Init      0x800'2239   0x34  Code  Gb  usart.o [2]
NMI_Handler              0x800'1207         Code  Wk  startup_stm32f072xb.o [1]
NVIC_EnableIRQ           0x800'31f9    0xe  Code  Lc  stm32f0xx_hal_cortex.o [4]
NVIC_SetPriority         0x800'3207   0x44  Code  Lc  stm32f0xx_hal_cortex.o [4]
PVD_VDDIO2_IRQHandler    0x800'195b         Code  Wk  startup_stm32f072xb.o [1]
PendSV_Handler           0x800'1953         Code  Wk  startup_stm32f072xb.o [1]
RCC_CRS_IRQHandler       0x800'4083         Code  Wk  startup_stm32f072xb.o [1]
RTC_IRQHandler           0x800'232f         Code  Wk  startup_stm32f072xb.o [1]
Region$$Table$$Base      0x800'4db8          --   Gb  - Linker created -
Region$$Table$$Limit     0x800'4dd8          --   Gb  - Linker created -
Reset_Handler            0x800'4e61         Code  Wk  startup_stm32f072xb.o [1]
Rx_Buffer               0x2000'0184   0x64  Data  Gb  usart.o [2]
Rx_data                 0x2000'0182    0x2  Data  Gb  usart.o [2]
Rx_indx                 0x2000'0180    0x1  Data  Gb  usart.o [2]
SPI1_IRQHandler          0x800'4e97         Code  Wk  startup_stm32f072xb.o [1]
SPI2_IRQHandler          0x800'4e99         Code  Wk  startup_stm32f072xb.o [1]
SVC_Handler              0x800'13bf         Code  Wk  startup_stm32f072xb.o [1]
Sector0                 0x2000'0018    0x8  Data  Gb  USBPD_CUST_NVM_API.o [2]
Sector1                 0x2000'0020    0x8  Data  Gb  USBPD_CUST_NVM_API.o [2]
Sector2                 0x2000'0028    0x8  Data  Gb  USBPD_CUST_NVM_API.o [2]
Sector3                 0x2000'0030    0x8  Data  Gb  USBPD_CUST_NVM_API.o [2]
Sector4                 0x2000'0038    0x8  Data  Gb  USBPD_CUST_NVM_API.o [2]
SysTick_Config           0x800'324b   0x2e  Code  Lc  stm32f0xx_hal_cortex.o [4]
SysTick_Handler          0x800'4d51    0xc  Code  Gb  stm32f0xx_it.o [2]
SystemClock_Config       0x800'2b3d   0x92  Code  Gb  main.o [2]
SystemCoreClock         0x2000'0014    0x4  Data  Gb  system_stm32f0xx.o [3]
SystemInit               0x800'4ad9   0x48  Code  Gb  system_stm32f0xx.o [3]
TIM14_IRQHandler         0x800'4e8b         Code  Wk  startup_stm32f072xb.o [1]
TIM15_IRQHandler         0x800'4e8d         Code  Wk  startup_stm32f072xb.o [1]
TIM16_IRQHandler         0x800'4e8f         Code  Wk  startup_stm32f072xb.o [1]
TIM17_IRQHandler         0x800'4e91         Code  Wk  startup_stm32f072xb.o [1]
TIM1_BRK_UP_TRG_COM_IRQHandler
                         0x800'4e7f         Code  Wk  startup_stm32f072xb.o [1]
TIM1_CC_IRQHandler       0x800'4e81         Code  Wk  startup_stm32f072xb.o [1]
TIM2_IRQHandler          0x800'4e83         Code  Wk  startup_stm32f072xb.o [1]
TIM3_IRQHandler          0x800'4e85         Code  Wk  startup_stm32f072xb.o [1]
TIM6_DAC_IRQHandler      0x800'4e87         Code  Wk  startup_stm32f072xb.o [1]
TIM7_IRQHandler          0x800'4e89         Code  Wk  startup_stm32f072xb.o [1]
TIM_Base_SetConfig       0x800'38e9   0x88  Code  Gb  stm32f0xx_hal_tim.o [4]
TIM_CCxChannelCmd        0x800'3b59   0x18  Code  Gb  stm32f0xx_hal_tim.o [4]
TIM_OC1_SetConfig        0x800'3971   0x76  Code  Lc  stm32f0xx_hal_tim.o [4]
TIM_OC2_SetConfig        0x800'39e7   0x6c  Code  Gb  stm32f0xx_hal_tim.o [4]
TIM_OC3_SetConfig        0x800'3a53   0x68  Code  Lc  stm32f0xx_hal_tim.o [4]
TIM_OC4_SetConfig        0x800'3ac5   0x54  Code  Lc  stm32f0xx_hal_tim.o [4]
TSC_IRQHandler           0x800'4e0f         Code  Wk  startup_stm32f072xb.o [1]
Transfer_cplt           0x2000'0181    0x1  Data  Gb  usart.o [2]
UART_AdvFeatureConfig    0x800'1ead   0xca  Code  Gb  stm32f0xx_hal_uart.o [4]
UART_CheckIdleState      0x800'1f89   0x6a  Code  Gb  stm32f0xx_hal_uart.o [4]
UART_DMAAbortOnError     0x800'20c1   0x14  Code  Lc  stm32f0xx_hal_uart.o [4]
UART_EndRxTransfer       0x800'2071   0x1c  Code  Lc  stm32f0xx_hal_uart.o [4]
UART_EndTransmit_IT      0x800'213f   0x1a  Code  Gb  stm32f0xx_hal_uart.o [4]
UART_Receive_IT          0x800'2159   0x76  Code  Gb  stm32f0xx_hal_uart.o [4]
UART_SetConfig           0x800'1d1d  0x18a  Code  Gb  stm32f0xx_hal_uart.o [4]
UART_Transmit_IT         0x800'20d5   0x6a  Code  Gb  stm32f0xx_hal_uart.o [4]
UART_WaitOnFlagUntilTimeout
                         0x800'2001   0x66  Code  Gb  stm32f0xx_hal_uart.o [4]
USART1_IRQHandler        0x800'4e9b         Code  Wk  startup_stm32f072xb.o [1]
USART2_IRQHandler        0x800'4d71    0xa  Code  Gb  stm32f0xx_it.o [2]
USART3_4_IRQHandler      0x800'4e9d         Code  Wk  startup_stm32f072xb.o [1]
USB_IRQHandler           0x800'4ea1         Code  Wk  startup_stm32f072xb.o [1]
WWDG_IRQHandler          0x800'1957         Code  Wk  startup_stm32f072xb.o [1]
_Encoding_8859_1_Mbrlen
                         0x800'4e3d    0x2  Code  Gb  xencoding_8859_1.o [5]
_Encoding_8859_1_Wctomb
                         0x800'4e2d   0x10  Code  Gb  xencoding_8859_1.o [5]
_Error_Handler           0x800'2ebd    0x2  Code  Gb  main.o [2]
_LC                      0x800'00c1    0x8  Code  Lc  xprintffull.o [5]
_LitobFull               0x800'0f65  0x124  Code  Lc  xprintffull.o [5]
_Locale_lconv           0x2000'0040   0x38  Data  Lc  xlocale_c.o [5]
_PrintfFull              0x800'00c9  0xcc8  Code  Gb  xprintffull.o [5]
_Prout                   0x800'4e49   0x16  Code  Gb  xprout.o [5]
_PutcharsFull            0x800'10d9   0x36  Code  Lc  xprintffull.o [5]
_PutstrFull              0x800'0ea5   0xc0  Code  Lc  xprintffull.o [5]
_PuttxtFull              0x800'0d91  0x114  Code  Lc  xprintffull.o [5]
__ICFEDIT_region_RAM_end__ {Abs}
                        0x2000'3fff         Data  Gb  <internal module>
__ICFEDIT_region_RAM_start__ {Abs}
                        0x2000'0000         Data  Gb  <internal module>
__aeabi_cdcmple          0x800'1299         Code  Gb  DblCmpLe.o [6]
__aeabi_cdrcmple         0x800'12cb         Code  Gb  DblCmpGe.o [6]
__aeabi_d2iz             0x800'136d         Code  Gb  DblToI32.o [6]
__aeabi_d2uiz            0x800'1391         Code  Gb  DblToI32.o [6]
__aeabi_ddiv             0x800'167d         Code  Gb  DblDiv.o [6]
__aeabi_dmul             0x800'173f         Code  Gb  DblMul.o [6]
__aeabi_dsub             0x800'14af         Code  Gb  DblAddSub.o [6]
__aeabi_i2d              0x800'13e1         Code  Gb  IxxToDbl.o [6]
__aeabi_idiv             0x800'15c9         Code  Gb  I32DivModFast.o [7]
__aeabi_idiv0            0x800'1955         Code  Gb  IntDivZer.o [7]
__aeabi_idivmod          0x800'15c9         Code  Gb  I32DivModFast.o [7]
__aeabi_ldiv0            0x800'1959         Code  Gb  I64DivZer.o [7]
__aeabi_memcpy           0x800'1255         Code  Gb  ABImemcpy.o [7]
__aeabi_memcpy4          0x800'1221         Code  Gb  ABImemcpy.o [7]
__aeabi_memcpy8          0x800'1221         Code  Gb  ABImemcpy.o [7]
__aeabi_ui2d             0x800'13c1         Code  Gb  IxxToDbl.o [6]
__aeabi_uidiv            0x800'15cf         Code  Gb  I32DivModFast.o [7]
__aeabi_uidivmod         0x800'15cf         Code  Gb  I32DivModFast.o [7]
__aeabi_uldivmod         0x800'18cd         Code  Gb  I64DivMod.o [7]
__cmain                  0x800'4dd9         Code  Gb  cmain.o [7]
__dwrite                 0x800'4cb5   0x1e  Code  Gb  dwrite.o [8]
__exit                   0x800'195d   0x14  Code  Gb  exit.o [8]
__iar_Fail_s             0x800'11b1   0x22  Code  Gb  xfail_s.o [5]
__iar_Mbcurmax           0x800'18c3    0xa  Code  Gb  xmbcurmax.o [5]
__iar_Memchr             0x800'1209         Code  Gb  memchr.o [7]
__iar_Memcpy             0x800'1261         Code  Gb  ABImemcpy.o [7]
__iar_Stdout            0x2000'00c0   0x48  Data  Gb  xfiles.o [5]
__iar_Strchr             0x800'119d         Code  Gb  strchr.o [7]
__iar_close_ttio         0x800'1971   0x2c  Code  Gb  iarttio.o [8]
__iar_d2uiz              0x800'1395         Code  Gb  DblToI32.o [6]
__iar_data_init3         0x800'4d91   0x28  Code  Gb  data_init.o [7]
__iar_frexp              0x800'127b         Code  Gb  frexp.o [6]
__iar_frexp64            0x800'126f         Code  Gb  frexp.o [6]
__iar_frexpl             0x800'127b         Code  Gb  frexp.o [6]
__iar_get_ttio           0x800'199d   0x4c  Code  Gb  iarttio.o [8]
__iar_globLocale        0x2000'0078   0x48  Data  Lc  xlocale_c.o [5]
__iar_global_Locale      0x800'1111    0x4  Code  Gb  xlocale_c.o [5]
__iar_ldexp64            0x800'12fd         Code  Gb  ldexp.o [6]
__iar_lookup_ttioh       0x800'19ed    0x8  Code  Gb  XShttio.o [5]
__iar_lz77_init_single3
                         0x800'4a57   0x80  Code  Gb  lz77_init_single.o [7]
__iar_program_start      0x800'4e11         Code  Gb  cstartup_M.o [7]
__iar_scalbln64          0x800'12fd         Code  Gb  ldexp.o [6]
__iar_scalbn64           0x800'12fd         Code  Gb  ldexp.o [6]
__iar_sh_stdout          0x800'4cd3   0x20  Code  Gb  iarwstd.o [8]
__iar_sh_write           0x800'4cf3   0x22  Code  Gb  iarwrite.o [8]
__iar_ttio_handles      0x2000'0108    0x8  Data  Lc  XShttio.o [5]
__iar_zero_init3         0x800'4d15   0x3c  Code  Gb  zero_init3.o [7]
__low_level_init         0x800'4df7    0x4  Code  Gb  low_level_init.o [5]
__vector_table           0x800'0000         Data  Gb  startup_stm32f072xb.o [1]
__write                  0x800'4ca5   0x10  Code  Gb  write.o [8]
_call_main               0x800'4de5         Code  Gb  cmain.o [7]
_exit                    0x800'4e05         Code  Gb  cexit.o [7]
_gLocale_mblen           0x800'1179    0xa  Code  Gb  xlocale_c.o [5]
_gLocale_mblenInt        0x800'113d   0x34  Code  Gb  xlocale_c.o [5]
_gLocale_wctomb          0x800'1183    0xa  Code  Gb  xlocale_c.o [5]
_gLocale_wctombInt       0x800'1171    0x8  Code  Gb  xlocale_c.o [5]
abort                    0x800'1949    0xa  Code  Gb  abort.o [5]
exit                     0x800'4dfb    0x8  Code  Gb  exit.o [5]
flash_process            0x800'2c75  0x212  Code  Gb  main.o [2]
flashing_status         0x2000'0003    0x1  Data  Gb  main.o [2]
fputc                    0x800'21d9   0x14  Code  Gb  usart.o [2]
frexp                    0x800'126f         Code  Gb  frexp.o [6]
frexpl                   0x800'126f         Code  Gb  frexp.o [6]
hi2c                    0x2000'0004    0x8  Data  Gb  main.o [2]
hi2c1                   0x2000'0238   0x4c  Data  Gb  i2c.o [2]
hi2c2                   0x2000'0284   0x4c  Data  Gb  i2c.o [2]
htim3                   0x2000'02d0   0x40  Data  Gb  tim.o [2]
huart2                  0x2000'0110   0x70  Data  Gb  usart.o [2]
ldexp                    0x800'12fd         Code  Gb  ldexp.o [6]
ldexpl                   0x800'12fd         Code  Gb  ldexp.o [6]
localeconv               0x800'118d    0x4  Code  Gb  xlocale_c.o [5]
main                     0x800'29cd  0x170  Code  Gb  main.o [2]
memchr                   0x800'1209         Code  Gb  memchr.o [7]
nvm_flash                0x800'3ca5   0x86  Code  Gb  USBPD_CUST_NVM_API.o [2]
obuf                    0x2000'01e8   0x50  Data  Lc  xfiles.o [5]
printf                   0x800'4059   0x28  Code  Gb  printf.o [5]
push_button_Action_Flag
                        0x2000'0000    0x2  Data  Gb  main.o [2]
putchar                  0x800'4c61   0x44  Code  Gb  putchar.o [5]
scalbln                  0x800'12fd         Code  Gb  ldexp.o [6]
scalblnl                 0x800'12fd         Code  Gb  ldexp.o [6]
scalbn                   0x800'12fd         Code  Gb  ldexp.o [6]
scalbnl                  0x800'12fd         Code  Gb  ldexp.o [6]
scale                    0x800'1089   0x44  Code  Lc  xprintffull.o [5]
sec_hand                0x2000'0314    0x4  Data  Lc  xfail_s.o [5]
strchr                   0x800'119d         Code  Gb  strchr.o [7]
strlen                   0x800'11f9         Code  Gb  strlen.o [7]
temp_count              0x2000'0002    0x1  Data  Gb  main.o [2]
uwTick                  0x2000'0310    0x4  Data  Gb  stm32f0xx_hal.o [4]


[1] = C:\Users\Roberto\Downloads\en.STSW_STUSB006\STSW-STUSB006\EWARM\STSW-STUSB006\Obj\Application\EWARM
[2] = C:\Users\Roberto\Downloads\en.STSW_STUSB006\STSW-STUSB006\EWARM\STSW-STUSB006\Obj\Application\User
[3] = C:\Users\Roberto\Downloads\en.STSW_STUSB006\STSW-STUSB006\EWARM\STSW-STUSB006\Obj\Drivers\CMSIS
[4] = C:\Users\Roberto\Downloads\en.STSW_STUSB006\STSW-STUSB006\EWARM\STSW-STUSB006\Obj\Drivers\STM32F0xx_HAL_Driver
[5] = dl6M_tlf.a
[6] = m6M_tl.a
[7] = rt6M_tl.a
[8] = shb_l.a

  19'392 bytes of readonly  code memory
     852 bytes of readonly  data memory
   1'816 bytes of readwrite data memory

Errors: none
Warnings: none
